---
http_interactions:
- request:
    method: get
    uri: http://api.brightbox.dev/1.0/account?account_id=acc-12345
    body:
      encoding: US-ASCII
      string: ''
    headers:
      User-Agent:
      - fog/1.15.0
      Authorization:
      - OAuth 63a4f6dbf53263e7468d3084ae9c50ecdcdf1714
      Content-Type:
      - application/json
  response:
    status:
      code: 200
      message:
    headers:
      Content-Type:
      - application/json; charset=utf-8
      X-UA-Compatible:
      - IE=Edge
      ETag:
      - '"781c9d4c8f91976cf1a05f030a156a44"'
      Cache-Control:
      - max-age=0, private, must-revalidate
      X-Request-Id:
      - b9bfd7dbb1b9106504244193e33a6c70
      X-Runtime:
      - '0.111848'
      Date:
      - Tue, 27 Aug 2013 16:12:44 GMT
      Connection:
      - close
    body:
      encoding: UTF-8
      string: '{"id":"acc-12345","resource_type":"account","url":"https://api.gb1.brightbox.com/1.0/accounts/acc-12345","name":"Avkruvviumpksysor","status":"active","address_1":"Israel
        Flats","address_2":"","city":"Clarkmouth","county":"","postcode":"97088-3817","country_code":"GB","country_name":"United
        Kingdom","vat_registration_number":"","telephone_number":"+445722683970","telephone_verified":false,"verified_telephone":null,"verified_at":null,"verified_ip":null,"created_at":"2013-08-27T15:47:00Z","ram_limit":32768,"ram_used":15360,"cloud_ips_limit":20,"cloud_ips_used":1,"load_balancers_limit":5,"load_balancers_used":0,"valid_credit_card":false,"library_ftp_host":"ftp.library.gb1.brightbox.com","library_ftp_user":"acc-12345","library_ftp_password":null,"clients":[{"id":"cli-12345","resource_type":"api_client","url":"https://api.gb1.brightbox.com/1.0/api_clients/cli-12345","name":null,"description":null,"revoked_at":null}],"images":[],"servers":[{"id":"srv-12345","resource_type":"server","url":"https://api.gb1.brightbox.com/1.0/servers/srv-12345","name":"wow","status":"active","hostname":"srv-12345","fqdn":"srv-12345.gb1.brightbox.com","created_at":"2013-08-27T15:54:24Z","started_at":"2013-08-27T15:54:27Z","deleted_at":null},{"id":"srv-12345","resource_type":"server","url":"https://api.gb1.brightbox.com/1.0/servers/srv-12345","name":"medium
        servers","status":"active","hostname":"srv-12345","fqdn":"srv-12345.gb1.brightbox.com","created_at":"2013-08-27T15:54:26Z","started_at":"2013-08-27T15:54:29Z","deleted_at":null},{"id":"srv-12345","resource_type":"server","url":"https://api.gb1.brightbox.com/1.0/servers/srv-12345","name":"","status":"deleted","hostname":"srv-12345","fqdn":"srv-12345.gb1.brightbox.com","created_at":"2013-08-27T15:54:30Z","started_at":"2013-08-27T15:54:32Z","deleted_at":"2013-08-27T15:54:35Z"},{"id":"srv-12345","resource_type":"server","url":"https://api.gb1.brightbox.com/1.0/servers/srv-12345","name":"rspec_server_shutdown","status":"active","hostname":"srv-12345","fqdn":"srv-12345.gb1.brightbox.com","created_at":"2013-08-27T15:54:36Z","started_at":"2013-08-27T15:54:38Z","deleted_at":null},{"id":"srv-12345","resource_type":"server","url":"https://api.gb1.brightbox.com/1.0/servers/srv-12345","name":"rspec_server_start","status":"active","hostname":"srv-12345","fqdn":"srv-12345.gb1.brightbox.com","created_at":"2013-08-27T15:54:41Z","started_at":"2013-08-27T15:54:47Z","deleted_at":null},{"id":"srv-12345","resource_type":"server","url":"https://api.gb1.brightbox.com/1.0/servers/srv-12345","name":"rspec_server_stop","status":"inactive","hostname":"srv-12345","fqdn":"srv-12345.gb1.brightbox.com","created_at":"2013-08-27T15:54:48Z","started_at":"2013-08-27T15:54:51Z","deleted_at":null},{"id":"srv-12345","resource_type":"server","url":"https://api.gb1.brightbox.com/1.0/servers/srv-12345","name":"","status":"deleted","hostname":"srv-12345","fqdn":"srv-12345.gb1.brightbox.com","created_at":"2013-08-27T15:54:52Z","started_at":"2013-08-27T15:54:55Z","deleted_at":"2013-08-27T15:54:58Z"},{"id":"srv-12345","resource_type":"server","url":"https://api.gb1.brightbox.com/1.0/servers/srv-12345","name":"","status":"deleted","hostname":"srv-12345","fqdn":"srv-12345.gb1.brightbox.com","created_at":"2013-08-27T16:12:22Z","started_at":"2013-08-27T16:12:25Z","deleted_at":"2013-08-27T16:12:27Z"}],"load_balancers":[],"cloud_ips":[{"id":"cip-12345","resource_type":"cloud_ip","url":"https://api.gb1.brightbox.com/1.0/cloud_ips/cip-12345","status":"unmapped","public_ip":"217.16.230.132","reverse_dns":"cip-12345-16-230-132.gb1.brightbox.com","name":null}],"server_groups":[{"id":"grp-12345","resource_type":"server_group","url":"https://api.gb1.brightbox.com/1.0/server_groups/grp-12345","name":"default","description":"All
        new servers are added to this group unless specified otherwise.","created_at":"2013-08-27T15:47:00Z","default":true},{"id":"grp-12345","resource_type":"server_group","url":"https://api.gb1.brightbox.com/1.0/server_groups/grp-12345","name":"test","description":null,"created_at":"2013-08-27T15:54:53Z","default":false},{"id":"grp-12345","resource_type":"server_group","url":"https://api.gb1.brightbox.com/1.0/server_groups/grp-12345","name":"test","description":null,"created_at":"2013-08-27T16:12:22Z","default":false}],"firewall_policies":[{"id":"fwp-12345","resource_type":"firewall_policy","url":"https://api.gb1.brightbox.com/1.0/firewall_policies/fwp-12345","default":true,"name":"default","created_at":"2013-08-27T15:47:00Z","description":"Applied
        to the default server group."},{"id":"fwp-12345","resource_type":"firewall_policy","url":"https://api.gb1.brightbox.com/1.0/firewall_policies/fwp-12345","default":false,"name":"rspec_firewall_policy_apply","created_at":"2013-08-27T15:54:12Z","description":null},{"id":"fwp-12345","resource_type":"firewall_policy","url":"https://api.gb1.brightbox.com/1.0/firewall_policies/fwp-12345","default":false,"name":"rspec_firewall_policy","created_at":"2013-08-27T15:54:13Z","description":null},{"id":"fwp-12345","resource_type":"firewall_policy","url":"https://api.gb1.brightbox.com/1.0/firewall_policies/fwp-12345","default":false,"name":null,"created_at":"2013-08-27T15:54:20Z","description":null},{"id":"fwp-12345","resource_type":"firewall_policy","url":"https://api.gb1.brightbox.com/1.0/firewall_policies/fwp-12345","default":false,"name":null,"created_at":"2013-08-27T15:54:21Z","description":null},{"id":"fwp-12345","resource_type":"firewall_policy","url":"https://api.gb1.brightbox.com/1.0/firewall_policies/fwp-12345","default":false,"name":"rspec_firewall_policy","created_at":"2013-08-27T15:56:46Z","description":null},{"id":"fwp-12345","resource_type":"firewall_policy","url":"https://api.gb1.brightbox.com/1.0/firewall_policies/fwp-12345","default":false,"name":"rspec_firewall_policy","created_at":"2013-08-27T16:06:22Z","description":null},{"id":"fwp-12345","resource_type":"firewall_policy","url":"https://api.gb1.brightbox.com/1.0/firewall_policies/fwp-12345","default":false,"name":"rspec_firewall_policy_apply","created_at":"2013-08-27T16:12:42Z","description":null},{"id":"fwp-12345","resource_type":"firewall_policy","url":"https://api.gb1.brightbox.com/1.0/firewall_policies/fwp-12345","default":false,"name":"rspec_firewall_policy","created_at":"2013-08-27T16:12:43Z","description":null}],"owner":{"id":"usr-12345","resource_type":"user","url":"https://api.gb1.brightbox.com/1.0/users/usr-12345","name":"Teresa
        Ullrich","email_address":"jason.null@brightbox.com"},"users":[],"zones":[{"id":"zon-12345","resource_type":"zone","url":"https://api.gb1.brightbox.com/1.0/zones/zon-12345","handle":"gb1-a"},{"id":"zon-12345","resource_type":"zone","url":"https://api.gb1.brightbox.com/1.0/zones/zon-12345","handle":"gb1-b"}]}'
    http_version:
  recorded_at: Tue, 27 Aug 2013 16:12:44 GMT
- request:
    method: post
    uri: http://api.brightbox.dev/1.0/server_groups?account_id=acc-12345
    body:
      encoding: UTF-8
      string: '{"name":"rspec_tests"}'
    headers:
      User-Agent:
      - fog/1.15.0
      Authorization:
      - OAuth 63a4f6dbf53263e7468d3084ae9c50ecdcdf1714
      Content-Type:
      - application/json
  response:
    status:
      code: 202
      message:
    headers:
      Location:
      - http://api.brightbox.dev/1.0/server_groups/grp-cuzfw
      Content-Type:
      - application/json; charset=utf-8
      X-UA-Compatible:
      - IE=Edge
      Cache-Control:
      - no-cache
      X-Request-Id:
      - 5b609dd423ab2ee3fc0c7b02c4620eba
      X-Runtime:
      - '0.083897'
      Date:
      - Tue, 27 Aug 2013 16:12:44 GMT
      Connection:
      - close
    body:
      encoding: UTF-8
      string: '{"id":"grp-12345","resource_type":"server_group","url":"https://api.gb1.brightbox.com/1.0/server_groups/grp-12345","name":"rspec_tests","description":null,"created_at":"2013-08-27T16:12:44Z","default":false,"account":{"id":"acc-12345","resource_type":"account","url":"https://api.gb1.brightbox.com/1.0/accounts/acc-12345","name":"Avkruvviumpksysor","status":"active"},"firewall_policy":null,"servers":[]}'
    http_version:
  recorded_at: Tue, 27 Aug 2013 16:12:44 GMT
- request:
    method: post
    uri: http://api.brightbox.dev/1.0/firewall_policies?account_id=acc-12345
    body:
      encoding: UTF-8
      string: '{"server_group":"grp-12345","name":"rspec_firewall_policy"}'
    headers:
      User-Agent:
      - fog/1.15.0
      Authorization:
      - OAuth 63a4f6dbf53263e7468d3084ae9c50ecdcdf1714
      Content-Type:
      - application/json
  response:
    status:
      code: 201
      message:
    headers:
      Location:
      - http://api.brightbox.dev/1.0/firewall_policies/fwp-pz9wl
      Content-Type:
      - application/json; charset=utf-8
      X-UA-Compatible:
      - IE=Edge
      ETag:
      - '"a7c8a4fc617e0d8c088f1a17f41980d6"'
      Cache-Control:
      - max-age=0, private, must-revalidate
      X-Request-Id:
      - e0f49356e96c4b52871815ac283d8e82
      X-Runtime:
      - '0.359102'
      Date:
      - Tue, 27 Aug 2013 16:12:44 GMT
      Connection:
      - close
    body:
      encoding: UTF-8
      string: '{"id":"fwp-12345","resource_type":"firewall_policy","url":"https://api.gb1.brightbox.com/1.0/firewall_policies/fwp-12345","default":false,"name":"rspec_firewall_policy","created_at":"2013-08-27T16:12:44Z","description":null,"server_group":{"id":"grp-12345","resource_type":"server_group","url":"https://api.gb1.brightbox.com/1.0/server_groups/grp-12345","name":"rspec_tests","description":null,"created_at":"2013-08-27T16:12:44Z","default":false},"rules":[]}'
    http_version:
  recorded_at: Tue, 27 Aug 2013 16:12:44 GMT
- request:
    method: delete
    uri: http://api.brightbox.dev/1.0/firewall_policies/fwp-12345?account_id=acc-12345
    body:
      encoding: US-ASCII
      string: ''
    headers:
      User-Agent:
      - fog/1.15.0
      Authorization:
      - OAuth 63a4f6dbf53263e7468d3084ae9c50ecdcdf1714
      Content-Type:
      - application/json
  response:
    status:
      code: 202
      message:
    headers:
      Content-Type:
      - application/json; charset=utf-8
      X-UA-Compatible:
      - IE=Edge
      Cache-Control:
      - no-cache
      X-Request-Id:
      - 38be3fa54ab6f9bfa18555543d779f23
      X-Runtime:
      - '0.096534'
      Date:
      - Tue, 27 Aug 2013 16:12:45 GMT
      Connection:
      - close
    body:
      encoding: UTF-8
      string: '{"id":"fwp-12345","resource_type":"firewall_policy","url":"https://api.gb1.brightbox.com/1.0/firewall_policies/fwp-12345","default":false,"name":"rspec_firewall_policy","created_at":"2013-08-27T16:12:44Z","description":null,"server_group":{"id":"grp-12345","resource_type":"server_group","url":"https://api.gb1.brightbox.com/1.0/server_groups/grp-12345","name":"rspec_tests","description":null,"created_at":"2013-08-27T16:12:44Z","default":false},"rules":[]}'
    http_version:
  recorded_at: Tue, 27 Aug 2013 16:12:45 GMT
- request:
    method: delete
    uri: http://api.brightbox.dev/1.0/server_groups/grp-12345?account_id=acc-12345
    body:
      encoding: US-ASCII
      string: ''
    headers:
      User-Agent:
      - fog/1.15.0
      Authorization:
      - OAuth 63a4f6dbf53263e7468d3084ae9c50ecdcdf1714
      Content-Type:
      - application/json
  response:
    status:
      code: 202
      message:
    headers:
      Content-Type:
      - application/json; charset=utf-8
      X-UA-Compatible:
      - IE=Edge
      Cache-Control:
      - no-cache
      X-Request-Id:
      - 029dadc2a170e5d561b5286c99543c37
      X-Runtime:
      - '0.111708'
      Date:
      - Tue, 27 Aug 2013 16:12:45 GMT
      Connection:
      - close
    body:
      encoding: UTF-8
      string: '{"id":"grp-12345","resource_type":"server_group","url":"https://api.gb1.brightbox.com/1.0/server_groups/grp-12345","name":"rspec_tests","description":null,"created_at":"2013-08-27T16:12:44Z","default":false,"account":{"id":"acc-12345","resource_type":"account","url":"https://api.gb1.brightbox.com/1.0/accounts/acc-12345","name":"Avkruvviumpksysor","status":"active"},"firewall_policy":null,"servers":[]}'
    http_version:
  recorded_at: Tue, 27 Aug 2013 16:12:45 GMT
- request:
    method: post
    uri: http://api.brightbox.dev/token
    body:
      encoding: UTF-8
      string: '{"grant_type":"none","client_id":"app-12345"}'
    headers:
      User-Agent:
      - fog/1.15.0
      Authorization:
      - Basic YXBwLTEyMzQ1Om1vY2J1aXBiaWFhNms2Yw==
      Content-Type:
      - application/json
  response:
    status:
      code: 400
      message:
    headers:
      X-Frame-Options:
      - sameorigin
      X-XSS-Protection:
      - 1; mode=block
      Content-Type:
      - application/json;charset=utf-8
      Cache-Control:
      - no-store
      Content-Length:
      - '135'
      X-UA-Compatible:
      - IE=Edge
      X-Request-Id:
      - 420a0fb75b8384d2a44d424a3eee5303
      X-Runtime:
      - '0.129054'
      Date:
      - Tue, 27 Aug 2013 17:09:56 GMT
      Connection:
      - keep-alive
    body:
      encoding: UTF-8
      string: '{"error":"unauthorized_client","error_description":"The authenticated
        client is not authorized to use the access grant type provided."}'
    http_version:
  recorded_at: Tue, 27 Aug 2013 17:09:56 GMT
- request:
    method: post
    uri: http://api.brightbox.dev/token
    body:
      encoding: UTF-8
      string: '{"grant_type":"none","client_id":"app-12345"}'
    headers:
      User-Agent:
      - fog/1.15.0
      Authorization:
      - Basic YXBwLTEyMzQ1Om1vY2J1aXBiaWFhNms2Yw==
      Content-Type:
      - application/json
  response:
    status:
      code: 400
      message:
    headers:
      X-Frame-Options:
      - sameorigin
      X-XSS-Protection:
      - 1; mode=block
      Content-Type:
      - application/json;charset=utf-8
      Cache-Control:
      - no-store
      Content-Length:
      - '135'
      X-UA-Compatible:
      - IE=Edge
      X-Request-Id:
      - 17e2d647e357d0ca95f957b243d496f3
      X-Runtime:
      - '0.113869'
      Date:
      - Tue, 27 Aug 2013 17:09:56 GMT
      Connection:
      - keep-alive
    body:
      encoding: UTF-8
      string: '{"error":"unauthorized_client","error_description":"The authenticated
        client is not authorized to use the access grant type provided."}'
    http_version:
  recorded_at: Tue, 27 Aug 2013 17:09:56 GMT
- request:
    method: post
    uri: http://api.brightbox.dev/token
    body:
      encoding: UTF-8
      string: '{"grant_type":"none","client_id":"app-12345"}'
    headers:
      User-Agent:
      - fog/1.15.0
      Authorization:
      - Basic YXBwLTEyMzQ1Om1vY2J1aXBiaWFhNms2Yw==
      Content-Type:
      - application/json
  response:
    status:
      code: 400
      message:
    headers:
      X-Frame-Options:
      - sameorigin
      X-XSS-Protection:
      - 1; mode=block
      Content-Type:
      - application/json;charset=utf-8
      Cache-Control:
      - no-store
      Content-Length:
      - '135'
      X-UA-Compatible:
      - IE=Edge
      X-Request-Id:
      - b7b48af114b0504c6c6e5f34fc7d3c6f
      X-Runtime:
      - '0.106168'
      Date:
      - Tue, 27 Aug 2013 17:09:56 GMT
      Connection:
      - keep-alive
    body:
      encoding: UTF-8
      string: '{"error":"unauthorized_client","error_description":"The authenticated
        client is not authorized to use the access grant type provided."}'
    http_version:
  recorded_at: Tue, 27 Aug 2013 17:09:56 GMT
- request:
    method: post
    uri: http://api.brightbox.dev/token
    body:
      encoding: UTF-8
      string: '{"grant_type":"none","client_id":"app-12345"}'
    headers:
      User-Agent:
      - fog/1.15.0
      Authorization:
      - Basic YXBwLTEyMzQ1Om1vY2J1aXBiaWFhNms2Yw==
      Content-Type:
      - application/json
  response:
    status:
      code: 400
      message:
    headers:
      X-Frame-Options:
      - sameorigin
      X-XSS-Protection:
      - 1; mode=block
      Content-Type:
      - application/json;charset=utf-8
      Cache-Control:
      - no-store
      Content-Length:
      - '135'
      X-UA-Compatible:
      - IE=Edge
      X-Request-Id:
      - 955f7badc97dc5dfe498f4c1a7fdb1ad
      X-Runtime:
      - '0.099310'
      Date:
      - Tue, 27 Aug 2013 17:09:56 GMT
      Connection:
      - keep-alive
    body:
      encoding: UTF-8
      string: '{"error":"unauthorized_client","error_description":"The authenticated
        client is not authorized to use the access grant type provided."}'
    http_version:
  recorded_at: Tue, 27 Aug 2013 17:09:56 GMT
- request:
    method: post
    uri: http://api.brightbox.dev/token
    body:
      encoding: UTF-8
      string: '{"grant_type":"none","client_id":"app-12345"}'
    headers:
      User-Agent:
      - fog/1.15.0
      Authorization:
      - Basic YXBwLTEyMzQ1Om1vY2J1aXBiaWFhNms2Yw==
      Content-Type:
      - application/json
  response:
    status:
      code: 400
      message:
    headers:
      X-Frame-Options:
      - sameorigin
      X-XSS-Protection:
      - 1; mode=block
      Content-Type:
      - application/json;charset=utf-8
      Cache-Control:
      - no-store
      Content-Length:
      - '135'
      X-UA-Compatible:
      - IE=Edge
      X-Request-Id:
      - 82bc97b34e6e33e1ecd5dd558ee8cf49
      X-Runtime:
      - '0.097336'
      Date:
      - Tue, 27 Aug 2013 17:09:56 GMT
      Connection:
      - keep-alive
    body:
      encoding: UTF-8
      string: '{"error":"unauthorized_client","error_description":"The authenticated
        client is not authorized to use the access grant type provided."}'
    http_version:
  recorded_at: Tue, 27 Aug 2013 17:09:56 GMT
- request:
    method: post
    uri: http://api.brightbox.dev/token
    body:
      encoding: UTF-8
      string: '{"grant_type":"none","client_id":"cli-12345"}'
    headers:
      User-Agent:
      - fog/1.15.0
      Authorization:
      - Basic Y2xpLTEyMzQ1OnF5Nnh4bnZ5NG8wdGd2NQ==
      Content-Type:
      - application/json
  response:
    status:
      code: 200
      message:
    headers:
      X-Frame-Options:
      - sameorigin
      X-XSS-Protection:
      - 1; mode=block
      Content-Type:
      - application/json;charset=utf-8
      Cache-Control:
      - no-store
      Content-Length:
      - '77'
      X-UA-Compatible:
      - IE=Edge
      ETag:
      - '"93fb737cab897092e685b45abd6c8fd0"'
      X-Request-Id:
      - 1af5022975da1d1c52251e684c220659
      X-Runtime:
      - '0.109935'
      Date:
      - Wed, 28 Aug 2013 16:15:11 GMT
      Connection:
      - keep-alive
    body:
      encoding: UTF-8
      string: '{"access_token":"8955054b60df204a7b189db5a7a3bbb942d762ff","expires_in":7200}'
    http_version:
  recorded_at: Wed, 28 Aug 2013 16:15:11 GMT
- request:
    method: get
    uri: http://api.brightbox.dev/1.0/accounts
    body:
      encoding: US-ASCII
      string: ''
    headers:
      User-Agent:
      - fog/1.15.0
      Authorization:
      - OAuth 8955054b60df204a7b189db5a7a3bbb942d762ff
      Content-Type:
      - application/json
  response:
    status:
      code: 401
      message:
    headers:
      WWW-Authenticate:
      - OAuth error="invalid_token"
      Content-Type:
      - application/json; charset=utf-8
      X-UA-Compatible:
      - IE=Edge
      Cache-Control:
      - no-cache
      X-Request-Id:
      - d841db5890ae14134700f8ec61bbc60a
      X-Runtime:
      - '0.017674'
      Date:
      - Tue, 17 Sep 2013 17:07:43 GMT
      Connection:
      - close
    body:
      encoding: UTF-8
      string: '{"error":"invalid_token","error_description":"The OAuth token can not
        be found"}'
    http_version:
  recorded_at: Tue, 17 Sep 2013 17:07:43 GMT
- request:
    method: post
    uri: http://api.brightbox.dev/token
    body:
      encoding: UTF-8
      string: '{"grant_type":"none","client_id":"cli-12345"}'
    headers:
      User-Agent:
      - fog/1.15.0
      Authorization:
      - Basic Y2xpLTEyMzQ1OnF5Nnh4bnZ5NG8wdGd2NQ==
      Content-Type:
      - application/json
  response:
    status:
      code: 200
      message:
    headers:
      X-Frame-Options:
      - sameorigin
      X-XSS-Protection:
      - 1; mode=block
      Content-Type:
      - application/json;charset=utf-8
      Cache-Control:
      - no-store
      Content-Length:
      - '77'
      X-UA-Compatible:
      - IE=Edge
      ETag:
      - '"1b9f2ca112c2f767d542d92b15915b34"'
      X-Request-Id:
      - eb0bd7332dabd2a879bb041f9dce80df
      X-Runtime:
      - '0.114835'
      Date:
      - Tue, 17 Sep 2013 17:07:43 GMT
      Connection:
      - keep-alive
    body:
      encoding: UTF-8
      string: '{"access_token":"fc71dfaa3f2950be5086a34570c2185cc6f37ed5","expires_in":7200}'
    http_version:
  recorded_at: Tue, 17 Sep 2013 17:07:43 GMT
- request:
    method: get
    uri: http://api.brightbox.dev/1.0/accounts
    body:
      encoding: US-ASCII
      string: ''
    headers:
      User-Agent:
      - fog/1.15.0
      Authorization:
      - OAuth fc71dfaa3f2950be5086a34570c2185cc6f37ed5
      Content-Type:
      - application/json
  response:
    status:
      code: 200
      message:
    headers:
      Content-Type:
      - application/json; charset=utf-8
      X-UA-Compatible:
      - IE=Edge
      ETag:
      - '"7d4ad7857ea408897b8a2149197611ba"'
      Cache-Control:
      - max-age=0, private, must-revalidate
      X-Request-Id:
      - 04f453ce21905f40a3fafe5e4973b769
      X-Runtime:
      - '0.166829'
      Date:
      - Tue, 17 Sep 2013 17:07:43 GMT
      Connection:
      - close
    body:
      encoding: UTF-8
      string: '[{"id":"acc-12345","resource_type":"account","url":"https://api.gb1.brightbox.com/1.0/accounts/acc-12345","name":"Asaibdsjnpdgrdcqo","status":"active","ram_limit":32768,"ram_used":0,"cloud_ips_limit":20,"cloud_ips_used":1,"load_balancers_limit":5,"load_balancers_used":0,"clients":[{"id":"cli-12345","resource_type":"api_client","url":"https://api.gb1.brightbox.com/1.0/api_clients/cli-12345","name":null,"description":null,"revoked_at":null}],"images":[],"servers":[],"load_balancers":[],"cloud_ips":[{"id":"cip-12345","resource_type":"cloud_ip","url":"https://api.gb1.brightbox.com/1.0/cloud_ips/cip-12345","status":"unmapped","public_ip":"153.37.92.121","reverse_dns":"cip-12345-37-92-121.gb1.brightbox.com","name":null}],"server_groups":[{"id":"grp-12345","resource_type":"server_group","url":"https://api.gb1.brightbox.com/1.0/server_groups/grp-12345","name":"default","description":"All
        new servers are added to this group unless specified otherwise.","created_at":"2013-09-17T08:44:16Z","default":true}],"firewall_policies":[{"id":"fwp-12345","resource_type":"firewall_policy","url":"https://api.gb1.brightbox.com/1.0/firewall_policies/fwp-12345","default":true,"name":"default","created_at":"2013-09-17T08:44:16Z","description":"Applied
        to the default server group."}],"owner":{"id":"usr-12345","resource_type":"user","url":"https://api.gb1.brightbox.com/1.0/users/usr-12345","name":"Kobe
        Swaniawski Sr.","email_address":"jason.null@brightbox.com"},"users":[],"zones":[{"id":"zon-12345","resource_type":"zone","url":"https://api.gb1.brightbox.com/1.0/zones/zon-12345","handle":"gb1-a"},{"id":"zon-12345","resource_type":"zone","url":"https://api.gb1.brightbox.com/1.0/zones/zon-12345","handle":"gb1-b"}]}]'
    http_version:
  recorded_at: Tue, 17 Sep 2013 17:07:43 GMT
recorded_with: VCR 2.5.0
