---
http_interactions:
- request:
    method: get
    uri: http://api.brightbox.localhost/1.0/account?account_id=acc-12345
    body:
      encoding: US-ASCII
      string: ''
    headers:
      User-Agent:
      - fog/1.15.0
      Authorization:
      - OAuth 63a4f6dbf53263e7468d3084ae9c50ecdcdf1714
      Content-Type:
      - application/json
  response:
    status:
      code: 200
      message:
    headers:
      Content-Type:
      - application/json; charset=utf-8
      X-UA-Compatible:
      - IE=Edge
      ETag:
      - '"1a5824c218ab56babf9955dc91dcbe3e"'
      Cache-Control:
      - max-age=0, private, must-revalidate
      X-Request-Id:
      - 851de5953d75a94a2845ca93ec46ff4d
      X-Runtime:
      - '0.182775'
      Date:
      - Tue, 27 Aug 2013 16:12:57 GMT
      Connection:
      - close
    body:
      encoding: UTF-8
      string: '{"id":"acc-12345","resource_type":"account","url":"https://api.gb1.brightbox.com/1.0/accounts/acc-12345","name":"Avkruvviumpksysor","status":"active","address_1":"Israel
        Flats","address_2":"","city":"Clarkmouth","county":"","postcode":"97088-3817","country_code":"GB","country_name":"United
        Kingdom","vat_registration_number":"","telephone_number":"+445722683970","telephone_verified":false,"verified_telephone":null,"verified_at":null,"verified_ip":null,"created_at":"2013-08-27T15:47:00Z","ram_limit":32768,"ram_used":21504,"cloud_ips_limit":20,"cloud_ips_used":1,"load_balancers_limit":5,"load_balancers_used":0,"valid_credit_card":false,"library_ftp_host":"","library_ftp_user":"","library_ftp_password":null,"clients":[{"id":"cli-12345","resource_type":"api_client","url":"https://api.gb1.brightbox.com/1.0/api_clients/cli-12345","name":null,"description":null,"revoked_at":null}],"images":[],"servers":[{"id":"srv-12345","resource_type":"server","url":"https://api.gb1.brightbox.com/1.0/servers/srv-12345","name":"wow","status":"active","hostname":"srv-12345","fqdn":"srv-12345.gb1.brightbox.com","created_at":"2013-08-27T15:54:24Z","started_at":"2013-08-27T15:54:27Z","deleted_at":null},{"id":"srv-12345","resource_type":"server","url":"https://api.gb1.brightbox.com/1.0/servers/srv-12345","name":"medium
        servers","status":"active","hostname":"srv-12345","fqdn":"srv-12345.gb1.brightbox.com","created_at":"2013-08-27T15:54:26Z","started_at":"2013-08-27T15:54:29Z","deleted_at":null},{"id":"srv-12345","resource_type":"server","url":"https://api.gb1.brightbox.com/1.0/servers/srv-12345","name":"","status":"deleted","hostname":"srv-12345","fqdn":"srv-12345.gb1.brightbox.com","created_at":"2013-08-27T15:54:30Z","started_at":"2013-08-27T15:54:32Z","deleted_at":"2013-08-27T15:54:35Z"},{"id":"srv-12345","resource_type":"server","url":"https://api.gb1.brightbox.com/1.0/servers/srv-12345","name":"rspec_server_shutdown","status":"active","hostname":"srv-12345","fqdn":"srv-12345.gb1.brightbox.com","created_at":"2013-08-27T15:54:36Z","started_at":"2013-08-27T15:54:38Z","deleted_at":null},{"id":"srv-12345","resource_type":"server","url":"https://api.gb1.brightbox.com/1.0/servers/srv-12345","name":"rspec_server_start","status":"active","hostname":"srv-12345","fqdn":"srv-12345.gb1.brightbox.com","created_at":"2013-08-27T15:54:41Z","started_at":"2013-08-27T15:54:47Z","deleted_at":null},{"id":"srv-12345","resource_type":"server","url":"https://api.gb1.brightbox.com/1.0/servers/srv-12345","name":"rspec_server_stop","status":"inactive","hostname":"srv-12345","fqdn":"srv-12345.gb1.brightbox.com","created_at":"2013-08-27T15:54:48Z","started_at":"2013-08-27T15:54:51Z","deleted_at":null},{"id":"srv-12345","resource_type":"server","url":"https://api.gb1.brightbox.com/1.0/servers/srv-12345","name":"","status":"deleted","hostname":"srv-12345","fqdn":"srv-12345.gb1.brightbox.com","created_at":"2013-08-27T15:54:52Z","started_at":"2013-08-27T15:54:55Z","deleted_at":"2013-08-27T15:54:58Z"},{"id":"srv-12345","resource_type":"server","url":"https://api.gb1.brightbox.com/1.0/servers/srv-12345","name":"","status":"deleted","hostname":"srv-12345","fqdn":"srv-12345.gb1.brightbox.com","created_at":"2013-08-27T16:12:22Z","started_at":"2013-08-27T16:12:25Z","deleted_at":"2013-08-27T16:12:27Z"},{"id":"srv-12345","resource_type":"server","url":"https://api.gb1.brightbox.com/1.0/servers/srv-12345","name":"wow","status":"active","hostname":"srv-12345","fqdn":"srv-12345.gb1.brightbox.com","created_at":"2013-08-27T16:12:51Z","started_at":"2013-08-27T16:12:54Z","deleted_at":null},{"id":"srv-12345","resource_type":"server","url":"https://api.gb1.brightbox.com/1.0/servers/srv-12345","name":"medium
        servers","status":"creating","hostname":"srv-12345","fqdn":"srv-12345.gb1.brightbox.com","created_at":"2013-08-27T16:12:55Z","started_at":null,"deleted_at":null}],"load_balancers":[],"cloud_ips":[{"id":"cip-12345","resource_type":"cloud_ip","url":"https://api.gb1.brightbox.com/1.0/cloud_ips/cip-12345","status":"unmapped","public_ip":"217.16.230.132","reverse_dns":"cip-12345-16-230-132.gb1.brightbox.com","name":null}],"server_groups":[{"id":"grp-12345","resource_type":"server_group","url":"https://api.gb1.brightbox.com/1.0/server_groups/grp-12345","name":"default","description":"All
        new servers are added to this group unless specified otherwise.","created_at":"2013-08-27T15:47:00Z","default":true},{"id":"grp-12345","resource_type":"server_group","url":"https://api.gb1.brightbox.com/1.0/server_groups/grp-12345","name":"test","description":null,"created_at":"2013-08-27T15:54:53Z","default":false},{"id":"grp-12345","resource_type":"server_group","url":"https://api.gb1.brightbox.com/1.0/server_groups/grp-12345","name":"test","description":null,"created_at":"2013-08-27T16:12:22Z","default":false}],"firewall_policies":[{"id":"fwp-12345","resource_type":"firewall_policy","url":"https://api.gb1.brightbox.com/1.0/firewall_policies/fwp-12345","default":true,"name":"default","created_at":"2013-08-27T15:47:00Z","description":"Applied
        to the default server group."},{"id":"fwp-12345","resource_type":"firewall_policy","url":"https://api.gb1.brightbox.com/1.0/firewall_policies/fwp-12345","default":false,"name":"rspec_firewall_policy_apply","created_at":"2013-08-27T15:54:12Z","description":null},{"id":"fwp-12345","resource_type":"firewall_policy","url":"https://api.gb1.brightbox.com/1.0/firewall_policies/fwp-12345","default":false,"name":"rspec_firewall_policy","created_at":"2013-08-27T15:54:13Z","description":null},{"id":"fwp-12345","resource_type":"firewall_policy","url":"https://api.gb1.brightbox.com/1.0/firewall_policies/fwp-12345","default":false,"name":null,"created_at":"2013-08-27T15:54:20Z","description":null},{"id":"fwp-12345","resource_type":"firewall_policy","url":"https://api.gb1.brightbox.com/1.0/firewall_policies/fwp-12345","default":false,"name":null,"created_at":"2013-08-27T15:54:21Z","description":null},{"id":"fwp-12345","resource_type":"firewall_policy","url":"https://api.gb1.brightbox.com/1.0/firewall_policies/fwp-12345","default":false,"name":"rspec_firewall_policy","created_at":"2013-08-27T15:56:46Z","description":null},{"id":"fwp-12345","resource_type":"firewall_policy","url":"https://api.gb1.brightbox.com/1.0/firewall_policies/fwp-12345","default":false,"name":"rspec_firewall_policy","created_at":"2013-08-27T16:06:22Z","description":null},{"id":"fwp-12345","resource_type":"firewall_policy","url":"https://api.gb1.brightbox.com/1.0/firewall_policies/fwp-12345","default":false,"name":"rspec_firewall_policy_apply","created_at":"2013-08-27T16:12:42Z","description":null},{"id":"fwp-12345","resource_type":"firewall_policy","url":"https://api.gb1.brightbox.com/1.0/firewall_policies/fwp-12345","default":false,"name":"rspec_firewall_policy","created_at":"2013-08-27T16:12:43Z","description":null},{"id":"fwp-12345","resource_type":"firewall_policy","url":"https://api.gb1.brightbox.com/1.0/firewall_policies/fwp-12345","default":false,"name":null,"created_at":"2013-08-27T16:12:48Z","description":null},{"id":"fwp-12345","resource_type":"firewall_policy","url":"https://api.gb1.brightbox.com/1.0/firewall_policies/fwp-12345","default":false,"name":null,"created_at":"2013-08-27T16:12:49Z","description":null}],"owner":{"id":"usr-12345","resource_type":"user","url":"https://api.gb1.brightbox.com/1.0/users/usr-12345","name":"Teresa
        Ullrich","email_address":"jason.null@brightbox.com"},"users":[],"zones":[{"id":"zon-12345","resource_type":"zone","url":"https://api.gb1.brightbox.com/1.0/zones/zon-12345","handle":"gb1-a"},{"id":"zon-12345","resource_type":"zone","url":"https://api.gb1.brightbox.com/1.0/zones/zon-12345","handle":"gb1-b"}]}'
    http_version:
  recorded_at: Tue, 27 Aug 2013 16:12:57 GMT
- request:
    method: post
    uri: http://api.brightbox.localhost/1.0/servers?account_id=acc-12345
    body:
      encoding: UTF-8
      string: '{"image":"img-12345"}'
    headers:
      User-Agent:
      - fog/1.15.0
      Authorization:
      - OAuth 63a4f6dbf53263e7468d3084ae9c50ecdcdf1714
      Content-Type:
      - application/json
  response:
    status:
      code: 202
      message:
    headers:
      Location:
      - http://api.brightbox.localhost/1.0/servers/srv-gf3ig
      Content-Type:
      - application/json; charset=utf-8
      X-UA-Compatible:
      - IE=Edge
      Cache-Control:
      - no-cache
      X-Request-Id:
      - ae3079fa82c4ffcf50d0ab57dc06a7da
      X-Runtime:
      - '3.002765'
      Date:
      - Tue, 27 Aug 2013 16:13:00 GMT
      Connection:
      - close
    body:
      encoding: UTF-8
      string: '{"id":"srv-12345","resource_type":"server","url":"https://api.gb1.brightbox.com/1.0/servers/srv-12345","name":"","status":"creating","hostname":"srv-12345","created_at":"2013-08-27T16:12:58Z","started_at":null,"deleted_at":null,"user_data":null,"fqdn":"srv-12345.gb1.brightbox.com","compatibility_mode":false,"console_url":null,"console_token":null,"console_token_expires":null,"account":{"id":"acc-12345","resource_type":"account","url":"https://api.gb1.brightbox.com/1.0/accounts/acc-12345","name":"Avkruvviumpksysor","status":"active"},"image":{"id":"img-12345","resource_type":"image","url":"https://api.gb1.brightbox.com/1.0/images/img-12345","name":"dmcuhmirtoevr8bvye46opwd","username":null,"status":"available","description":"","source":"46i5i7onyfz8yf5o5nepaohs","arch":"x86_64","created_at":"2013-08-27T15:46:50Z","official":true,"public":true,"owner":"acc-12345"},"server_type":{"id":"typ-12345","resource_type":"server_type","url":"https://api.gb1.brightbox.com/1.0/server_types/typ-12345","name":"xvifyx3u5s","status":"available","cores":2,"ram":3072,"disk_size":10240,"handle":"nano"},"zone":{"id":"zon-12345","resource_type":"zone","url":"https://api.gb1.brightbox.com/1.0/zones/zon-12345","handle":"gb1-b"},"cloud_ips":[],"interfaces":[{"id":"int-xkkoy","resource_type":"interface","url":"https://api.gb1.brightbox.com/1.0/interfaces/int-xkkoy","mac_address":"02:24:19:01:45:a2","ipv4_address":"10.1.69.162","ipv6_address":"2a02:1348:18c:5168:24:19ff:fe01:45a2"}],"snapshots":[],"server_groups":[{"id":"grp-12345","resource_type":"server_group","url":"https://api.gb1.brightbox.com/1.0/server_groups/grp-12345","name":"default","description":"All
        new servers are added to this group unless specified otherwise.","created_at":"2013-08-27T15:47:00Z","default":true}]}'
    http_version:
  recorded_at: Tue, 27 Aug 2013 16:13:00 GMT
- request:
    method: get
    uri: http://api.brightbox.localhost/1.0/servers?account_id=acc-12345
    body:
      encoding: US-ASCII
      string: ''
    headers:
      User-Agent:
      - fog/1.15.0
      Authorization:
      - OAuth 63a4f6dbf53263e7468d3084ae9c50ecdcdf1714
      Content-Type:
      - application/json
  response:
    status:
      code: 200
      message:
    headers:
      Content-Type:
      - application/json; charset=utf-8
      X-UA-Compatible:
      - IE=Edge
      ETag:
      - '"d4db8f49aa82693f26fc8b84a316ad00"'
      Cache-Control:
      - max-age=0, private, must-revalidate
      X-Request-Id:
      - 8cac5d9169d7505e7a721ca37386e75f
      X-Runtime:
      - '1.298193'
      Date:
      - Tue, 27 Aug 2013 16:13:01 GMT
      Connection:
      - close
    body:
      encoding: UTF-8
      string: '[{"id":"srv-12345","resource_type":"server","url":"https://api.gb1.brightbox.com/1.0/servers/srv-12345","name":"wow","status":"active","hostname":"srv-12345","fqdn":"srv-12345.gb1.brightbox.com","compatibility_mode":false,"created_at":"2013-08-27T15:54:24Z","started_at":"2013-08-27T15:54:27Z","deleted_at":null,"account":{"id":"acc-12345","resource_type":"account","url":"https://api.gb1.brightbox.com/1.0/accounts/acc-12345","name":"Avkruvviumpksysor","status":"active"},"image":{"id":"img-12345","resource_type":"image","url":"https://api.gb1.brightbox.com/1.0/images/img-12345","name":"dmcuhmirtoevr8bvye46opwd","username":null,"status":"available","description":"","source":"46i5i7onyfz8yf5o5nepaohs","arch":"x86_64","created_at":"2013-08-27T15:46:50Z","official":true,"public":true,"owner":"acc-12345"},"server_type":{"id":"typ-12345","resource_type":"server_type","url":"https://api.gb1.brightbox.com/1.0/server_types/typ-12345","name":"xvifyx3u5s","status":"available","cores":2,"ram":3072,"disk_size":10240,"handle":"nano"},"zone":{"id":"zon-12345","resource_type":"zone","url":"https://api.gb1.brightbox.com/1.0/zones/zon-12345","handle":"gb1-a"},"cloud_ips":[],"interfaces":[{"id":"int-1hy44","resource_type":"interface","url":"https://api.gb1.brightbox.com/1.0/interfaces/int-1hy44","mac_address":"02:24:19:13:7f:3e","ipv4_address":"10.19.127.62","ipv6_address":"2a02:1348:15d:dfcf:24:19ff:fe13:7f3e"}],"snapshots":[],"server_groups":[{"id":"grp-12345","resource_type":"server_group","url":"https://api.gb1.brightbox.com/1.0/server_groups/grp-12345","name":"default","description":"All
        new servers are added to this group unless specified otherwise.","created_at":"2013-08-27T15:47:00Z","default":true}]},{"id":"srv-12345","resource_type":"server","url":"https://api.gb1.brightbox.com/1.0/servers/srv-12345","name":"medium
        servers","status":"active","hostname":"srv-12345","fqdn":"srv-12345.gb1.brightbox.com","compatibility_mode":false,"created_at":"2013-08-27T15:54:26Z","started_at":"2013-08-27T15:54:29Z","deleted_at":null,"account":{"id":"acc-12345","resource_type":"account","url":"https://api.gb1.brightbox.com/1.0/accounts/acc-12345","name":"Avkruvviumpksysor","status":"active"},"image":{"id":"img-12345","resource_type":"image","url":"https://api.gb1.brightbox.com/1.0/images/img-12345","name":"dmcuhmirtoevr8bvye46opwd","username":null,"status":"available","description":"","source":"46i5i7onyfz8yf5o5nepaohs","arch":"x86_64","created_at":"2013-08-27T15:46:50Z","official":true,"public":true,"owner":"acc-12345"},"server_type":{"id":"typ-12345","resource_type":"server_type","url":"https://api.gb1.brightbox.com/1.0/server_types/typ-12345","name":"xvifyx3u5s","status":"available","cores":2,"ram":3072,"disk_size":10240,"handle":"nano"},"zone":{"id":"zon-12345","resource_type":"zone","url":"https://api.gb1.brightbox.com/1.0/zones/zon-12345","handle":"gb1-a"},"cloud_ips":[],"interfaces":[{"id":"int-5rrfq","resource_type":"interface","url":"https://api.gb1.brightbox.com/1.0/interfaces/int-5rrfq","mac_address":"02:24:19:12:6f:a2","ipv4_address":"10.18.111.162","ipv6_address":"2a02:1348:15d:9be8:24:19ff:fe12:6fa2"}],"snapshots":[],"server_groups":[{"id":"grp-12345","resource_type":"server_group","url":"https://api.gb1.brightbox.com/1.0/server_groups/grp-12345","name":"default","description":"All
        new servers are added to this group unless specified otherwise.","created_at":"2013-08-27T15:47:00Z","default":true}]},{"id":"srv-12345","resource_type":"server","url":"https://api.gb1.brightbox.com/1.0/servers/srv-12345","name":"","status":"deleted","hostname":"srv-12345","fqdn":"srv-12345.gb1.brightbox.com","compatibility_mode":false,"created_at":"2013-08-27T15:54:30Z","started_at":"2013-08-27T15:54:32Z","deleted_at":"2013-08-27T15:54:35Z","account":{"id":"acc-12345","resource_type":"account","url":"https://api.gb1.brightbox.com/1.0/accounts/acc-12345","name":"Avkruvviumpksysor","status":"active"},"image":{"id":"img-12345","resource_type":"image","url":"https://api.gb1.brightbox.com/1.0/images/img-12345","name":"dmcuhmirtoevr8bvye46opwd","username":null,"status":"available","description":"","source":"46i5i7onyfz8yf5o5nepaohs","arch":"x86_64","created_at":"2013-08-27T15:46:50Z","official":true,"public":true,"owner":"acc-12345"},"server_type":{"id":"typ-12345","resource_type":"server_type","url":"https://api.gb1.brightbox.com/1.0/server_types/typ-12345","name":"xvifyx3u5s","status":"available","cores":2,"ram":3072,"disk_size":10240,"handle":"nano"},"zone":null,"cloud_ips":[],"interfaces":[{"id":"int-7w13y","resource_type":"interface","url":"https://api.gb1.brightbox.com/1.0/interfaces/int-7w13y","mac_address":"02:24:19:13:96:66","ipv4_address":"10.19.150.102","ipv6_address":"2a02:1348:15d:e599:24:19ff:fe13:9666"}],"snapshots":[],"server_groups":[]},{"id":"srv-12345","resource_type":"server","url":"https://api.gb1.brightbox.com/1.0/servers/srv-12345","name":"rspec_server_shutdown","status":"active","hostname":"srv-12345","fqdn":"srv-12345.gb1.brightbox.com","compatibility_mode":false,"created_at":"2013-08-27T15:54:36Z","started_at":"2013-08-27T15:54:38Z","deleted_at":null,"account":{"id":"acc-12345","resource_type":"account","url":"https://api.gb1.brightbox.com/1.0/accounts/acc-12345","name":"Avkruvviumpksysor","status":"active"},"image":{"id":"img-12345","resource_type":"image","url":"https://api.gb1.brightbox.com/1.0/images/img-12345","name":"dmcuhmirtoevr8bvye46opwd","username":null,"status":"available","description":"","source":"46i5i7onyfz8yf5o5nepaohs","arch":"x86_64","created_at":"2013-08-27T15:46:50Z","official":true,"public":true,"owner":"acc-12345"},"server_type":{"id":"typ-12345","resource_type":"server_type","url":"https://api.gb1.brightbox.com/1.0/server_types/typ-12345","name":"xvifyx3u5s","status":"available","cores":2,"ram":3072,"disk_size":10240,"handle":"nano"},"zone":{"id":"zon-12345","resource_type":"zone","url":"https://api.gb1.brightbox.com/1.0/zones/zon-12345","handle":"gb1-a"},"cloud_ips":[],"interfaces":[{"id":"int-d0gsz","resource_type":"interface","url":"https://api.gb1.brightbox.com/1.0/interfaces/int-d0gsz","mac_address":"02:24:19:13:98:2e","ipv4_address":"10.19.152.46","ipv6_address":"2a02:1348:15d:e60b:24:19ff:fe13:982e"}],"snapshots":[],"server_groups":[{"id":"grp-12345","resource_type":"server_group","url":"https://api.gb1.brightbox.com/1.0/server_groups/grp-12345","name":"default","description":"All
        new servers are added to this group unless specified otherwise.","created_at":"2013-08-27T15:47:00Z","default":true}]},{"id":"srv-12345","resource_type":"server","url":"https://api.gb1.brightbox.com/1.0/servers/srv-12345","name":"rspec_server_start","status":"active","hostname":"srv-12345","fqdn":"srv-12345.gb1.brightbox.com","compatibility_mode":false,"created_at":"2013-08-27T15:54:41Z","started_at":"2013-08-27T15:54:47Z","deleted_at":null,"account":{"id":"acc-12345","resource_type":"account","url":"https://api.gb1.brightbox.com/1.0/accounts/acc-12345","name":"Avkruvviumpksysor","status":"active"},"image":{"id":"img-12345","resource_type":"image","url":"https://api.gb1.brightbox.com/1.0/images/img-12345","name":"dmcuhmirtoevr8bvye46opwd","username":null,"status":"available","description":"","source":"46i5i7onyfz8yf5o5nepaohs","arch":"x86_64","created_at":"2013-08-27T15:46:50Z","official":true,"public":true,"owner":"acc-12345"},"server_type":{"id":"typ-12345","resource_type":"server_type","url":"https://api.gb1.brightbox.com/1.0/server_types/typ-12345","name":"xvifyx3u5s","status":"available","cores":2,"ram":3072,"disk_size":10240,"handle":"nano"},"zone":{"id":"zon-12345","resource_type":"zone","url":"https://api.gb1.brightbox.com/1.0/zones/zon-12345","handle":"gb1-a"},"cloud_ips":[],"interfaces":[{"id":"int-gb6ux","resource_type":"interface","url":"https://api.gb1.brightbox.com/1.0/interfaces/int-gb6ux","mac_address":"02:24:19:12:71:9a","ipv4_address":"10.18.113.154","ipv6_address":"2a02:1348:15d:9c66:24:19ff:fe12:719a"}],"snapshots":[],"server_groups":[{"id":"grp-12345","resource_type":"server_group","url":"https://api.gb1.brightbox.com/1.0/server_groups/grp-12345","name":"default","description":"All
        new servers are added to this group unless specified otherwise.","created_at":"2013-08-27T15:47:00Z","default":true}]},{"id":"srv-12345","resource_type":"server","url":"https://api.gb1.brightbox.com/1.0/servers/srv-12345","name":"rspec_server_stop","status":"inactive","hostname":"srv-12345","fqdn":"srv-12345.gb1.brightbox.com","compatibility_mode":false,"created_at":"2013-08-27T15:54:48Z","started_at":"2013-08-27T15:54:51Z","deleted_at":null,"account":{"id":"acc-12345","resource_type":"account","url":"https://api.gb1.brightbox.com/1.0/accounts/acc-12345","name":"Avkruvviumpksysor","status":"active"},"image":{"id":"img-12345","resource_type":"image","url":"https://api.gb1.brightbox.com/1.0/images/img-12345","name":"dmcuhmirtoevr8bvye46opwd","username":null,"status":"available","description":"","source":"46i5i7onyfz8yf5o5nepaohs","arch":"x86_64","created_at":"2013-08-27T15:46:50Z","official":true,"public":true,"owner":"acc-12345"},"server_type":{"id":"typ-12345","resource_type":"server_type","url":"https://api.gb1.brightbox.com/1.0/server_types/typ-12345","name":"xvifyx3u5s","status":"available","cores":2,"ram":3072,"disk_size":10240,"handle":"nano"},"zone":{"id":"zon-12345","resource_type":"zone","url":"https://api.gb1.brightbox.com/1.0/zones/zon-12345","handle":"gb1-a"},"cloud_ips":[],"interfaces":[{"id":"int-kxa9g","resource_type":"interface","url":"https://api.gb1.brightbox.com/1.0/interfaces/int-kxa9g","mac_address":"02:24:19:12:50:ca","ipv4_address":"10.18.80.202","ipv6_address":"2a02:1348:15d:9432:24:19ff:fe12:50ca"}],"snapshots":[],"server_groups":[{"id":"grp-12345","resource_type":"server_group","url":"https://api.gb1.brightbox.com/1.0/server_groups/grp-12345","name":"default","description":"All
        new servers are added to this group unless specified otherwise.","created_at":"2013-08-27T15:47:00Z","default":true}]},{"id":"srv-12345","resource_type":"server","url":"https://api.gb1.brightbox.com/1.0/servers/srv-12345","name":"","status":"deleted","hostname":"srv-12345","fqdn":"srv-12345.gb1.brightbox.com","compatibility_mode":false,"created_at":"2013-08-27T15:54:52Z","started_at":"2013-08-27T15:54:55Z","deleted_at":"2013-08-27T15:54:58Z","account":{"id":"acc-12345","resource_type":"account","url":"https://api.gb1.brightbox.com/1.0/accounts/acc-12345","name":"Avkruvviumpksysor","status":"active"},"image":{"id":"img-12345","resource_type":"image","url":"https://api.gb1.brightbox.com/1.0/images/img-12345","name":"dmcuhmirtoevr8bvye46opwd","username":null,"status":"available","description":"","source":"46i5i7onyfz8yf5o5nepaohs","arch":"x86_64","created_at":"2013-08-27T15:46:50Z","official":true,"public":true,"owner":"acc-12345"},"server_type":{"id":"typ-12345","resource_type":"server_type","url":"https://api.gb1.brightbox.com/1.0/server_types/typ-12345","name":"xvifyx3u5s","status":"available","cores":2,"ram":3072,"disk_size":10240,"handle":"nano"},"zone":null,"cloud_ips":[],"interfaces":[{"id":"int-f37v8","resource_type":"interface","url":"https://api.gb1.brightbox.com/1.0/interfaces/int-f37v8","mac_address":"02:24:19:13:92:6e","ipv4_address":"10.19.146.110","ipv6_address":"2a02:1348:15d:e49b:24:19ff:fe13:926e"}],"snapshots":[],"server_groups":[]},{"id":"srv-12345","resource_type":"server","url":"https://api.gb1.brightbox.com/1.0/servers/srv-12345","name":"","status":"deleted","hostname":"srv-12345","fqdn":"srv-12345.gb1.brightbox.com","compatibility_mode":false,"created_at":"2013-08-27T16:12:22Z","started_at":"2013-08-27T16:12:25Z","deleted_at":"2013-08-27T16:12:27Z","account":{"id":"acc-12345","resource_type":"account","url":"https://api.gb1.brightbox.com/1.0/accounts/acc-12345","name":"Avkruvviumpksysor","status":"active"},"image":{"id":"img-12345","resource_type":"image","url":"https://api.gb1.brightbox.com/1.0/images/img-12345","name":"dmcuhmirtoevr8bvye46opwd","username":null,"status":"available","description":"","source":"46i5i7onyfz8yf5o5nepaohs","arch":"x86_64","created_at":"2013-08-27T15:46:50Z","official":true,"public":true,"owner":"acc-12345"},"server_type":{"id":"typ-12345","resource_type":"server_type","url":"https://api.gb1.brightbox.com/1.0/server_types/typ-12345","name":"xvifyx3u5s","status":"available","cores":2,"ram":3072,"disk_size":10240,"handle":"nano"},"zone":null,"cloud_ips":[],"interfaces":[{"id":"int-rn73i","resource_type":"interface","url":"https://api.gb1.brightbox.com/1.0/interfaces/int-rn73i","mac_address":"02:24:19:13:86:1a","ipv4_address":"10.19.134.26","ipv6_address":"2a02:1348:15d:e186:24:19ff:fe13:861a"}],"snapshots":[],"server_groups":[]},{"id":"srv-12345","resource_type":"server","url":"https://api.gb1.brightbox.com/1.0/servers/srv-12345","name":"wow","status":"active","hostname":"srv-12345","fqdn":"srv-12345.gb1.brightbox.com","compatibility_mode":false,"created_at":"2013-08-27T16:12:51Z","started_at":"2013-08-27T16:12:54Z","deleted_at":null,"account":{"id":"acc-12345","resource_type":"account","url":"https://api.gb1.brightbox.com/1.0/accounts/acc-12345","name":"Avkruvviumpksysor","status":"active"},"image":{"id":"img-12345","resource_type":"image","url":"https://api.gb1.brightbox.com/1.0/images/img-12345","name":"dmcuhmirtoevr8bvye46opwd","username":null,"status":"available","description":"","source":"46i5i7onyfz8yf5o5nepaohs","arch":"x86_64","created_at":"2013-08-27T15:46:50Z","official":true,"public":true,"owner":"acc-12345"},"server_type":{"id":"typ-12345","resource_type":"server_type","url":"https://api.gb1.brightbox.com/1.0/server_types/typ-12345","name":"xvifyx3u5s","status":"available","cores":2,"ram":3072,"disk_size":10240,"handle":"nano"},"zone":{"id":"zon-12345","resource_type":"zone","url":"https://api.gb1.brightbox.com/1.0/zones/zon-12345","handle":"gb1-a"},"cloud_ips":[],"interfaces":[{"id":"int-z94bg","resource_type":"interface","url":"https://api.gb1.brightbox.com/1.0/interfaces/int-z94bg","mac_address":"02:24:19:13:89:a2","ipv4_address":"10.19.137.162","ipv6_address":"2a02:1348:15d:e268:24:19ff:fe13:89a2"}],"snapshots":[],"server_groups":[{"id":"grp-12345","resource_type":"server_group","url":"https://api.gb1.brightbox.com/1.0/server_groups/grp-12345","name":"default","description":"All
        new servers are added to this group unless specified otherwise.","created_at":"2013-08-27T15:47:00Z","default":true}]},{"id":"srv-12345","resource_type":"server","url":"https://api.gb1.brightbox.com/1.0/servers/srv-12345","name":"medium
        servers","status":"active","hostname":"srv-12345","fqdn":"srv-12345.gb1.brightbox.com","compatibility_mode":false,"created_at":"2013-08-27T16:12:55Z","started_at":"2013-08-27T16:12:58Z","deleted_at":null,"account":{"id":"acc-12345","resource_type":"account","url":"https://api.gb1.brightbox.com/1.0/accounts/acc-12345","name":"Avkruvviumpksysor","status":"active"},"image":{"id":"img-12345","resource_type":"image","url":"https://api.gb1.brightbox.com/1.0/images/img-12345","name":"dmcuhmirtoevr8bvye46opwd","username":null,"status":"available","description":"","source":"46i5i7onyfz8yf5o5nepaohs","arch":"x86_64","created_at":"2013-08-27T15:46:50Z","official":true,"public":true,"owner":"acc-12345"},"server_type":{"id":"typ-12345","resource_type":"server_type","url":"https://api.gb1.brightbox.com/1.0/server_types/typ-12345","name":"xvifyx3u5s","status":"available","cores":2,"ram":3072,"disk_size":10240,"handle":"nano"},"zone":{"id":"zon-12345","resource_type":"zone","url":"https://api.gb1.brightbox.com/1.0/zones/zon-12345","handle":"gb1-b"},"cloud_ips":[],"interfaces":[{"id":"int-uehbk","resource_type":"interface","url":"https://api.gb1.brightbox.com/1.0/interfaces/int-uehbk","mac_address":"02:24:19:01:3a:72","ipv4_address":"10.1.58.114","ipv6_address":"2a02:1348:18c:4e9c:24:19ff:fe01:3a72"}],"snapshots":[],"server_groups":[{"id":"grp-12345","resource_type":"server_group","url":"https://api.gb1.brightbox.com/1.0/server_groups/grp-12345","name":"default","description":"All
        new servers are added to this group unless specified otherwise.","created_at":"2013-08-27T15:47:00Z","default":true}]},{"id":"srv-12345","resource_type":"server","url":"https://api.gb1.brightbox.com/1.0/servers/srv-12345","name":"","status":"creating","hostname":"srv-12345","fqdn":"srv-12345.gb1.brightbox.com","compatibility_mode":false,"created_at":"2013-08-27T16:12:58Z","started_at":null,"deleted_at":null,"account":{"id":"acc-12345","resource_type":"account","url":"https://api.gb1.brightbox.com/1.0/accounts/acc-12345","name":"Avkruvviumpksysor","status":"active"},"image":{"id":"img-12345","resource_type":"image","url":"https://api.gb1.brightbox.com/1.0/images/img-12345","name":"dmcuhmirtoevr8bvye46opwd","username":null,"status":"available","description":"","source":"46i5i7onyfz8yf5o5nepaohs","arch":"x86_64","created_at":"2013-08-27T15:46:50Z","official":true,"public":true,"owner":"acc-12345"},"server_type":{"id":"typ-12345","resource_type":"server_type","url":"https://api.gb1.brightbox.com/1.0/server_types/typ-12345","name":"xvifyx3u5s","status":"available","cores":2,"ram":3072,"disk_size":10240,"handle":"nano"},"zone":{"id":"zon-12345","resource_type":"zone","url":"https://api.gb1.brightbox.com/1.0/zones/zon-12345","handle":"gb1-b"},"cloud_ips":[],"interfaces":[{"id":"int-xkkoy","resource_type":"interface","url":"https://api.gb1.brightbox.com/1.0/interfaces/int-xkkoy","mac_address":"02:24:19:01:45:a2","ipv4_address":"10.1.69.162","ipv6_address":"2a02:1348:18c:5168:24:19ff:fe01:45a2"}],"snapshots":[],"server_groups":[{"id":"grp-12345","resource_type":"server_group","url":"https://api.gb1.brightbox.com/1.0/server_groups/grp-12345","name":"default","description":"All
        new servers are added to this group unless specified otherwise.","created_at":"2013-08-27T15:47:00Z","default":true}]}]'
    http_version:
  recorded_at: Tue, 27 Aug 2013 16:13:01 GMT
- request:
    method: get
    uri: http://api.brightbox.localhost/1.0/servers/srv-12345?account_id=acc-12345
    body:
      encoding: US-ASCII
      string: ''
    headers:
      User-Agent:
      - fog/1.15.0
      Authorization:
      - OAuth 63a4f6dbf53263e7468d3084ae9c50ecdcdf1714
      Content-Type:
      - application/json
  response:
    status:
      code: 200
      message:
    headers:
      Content-Type:
      - application/json; charset=utf-8
      X-UA-Compatible:
      - IE=Edge
      ETag:
      - '"8eb99ccc672ea14c757d1f41c7a004b0"'
      Cache-Control:
      - max-age=0, private, must-revalidate
      X-Request-Id:
      - 847832ce2045382adcddf302e46cdf0a
      X-Runtime:
      - '0.563795'
      Date:
      - Tue, 27 Aug 2013 16:13:02 GMT
      Connection:
      - close
    body:
      encoding: UTF-8
      string: '{"id":"srv-12345","resource_type":"server","url":"https://api.gb1.brightbox.com/1.0/servers/srv-12345","name":"","status":"active","hostname":"srv-12345","created_at":"2013-08-27T16:12:58Z","started_at":null,"deleted_at":null,"user_data":null,"fqdn":"srv-12345.gb1.brightbox.com","compatibility_mode":false,"console_url":null,"console_token":null,"console_token_expires":null,"account":{"id":"acc-12345","resource_type":"account","url":"https://api.gb1.brightbox.com/1.0/accounts/acc-12345","name":"Avkruvviumpksysor","status":"active"},"image":{"id":"img-12345","resource_type":"image","url":"https://api.gb1.brightbox.com/1.0/images/img-12345","name":"dmcuhmirtoevr8bvye46opwd","username":null,"status":"available","description":"","source":"46i5i7onyfz8yf5o5nepaohs","arch":"x86_64","created_at":"2013-08-27T15:46:50Z","official":true,"public":true,"owner":"acc-12345"},"server_type":{"id":"typ-12345","resource_type":"server_type","url":"https://api.gb1.brightbox.com/1.0/server_types/typ-12345","name":"xvifyx3u5s","status":"available","cores":2,"ram":3072,"disk_size":10240,"handle":"nano"},"zone":{"id":"zon-12345","resource_type":"zone","url":"https://api.gb1.brightbox.com/1.0/zones/zon-12345","handle":"gb1-b"},"cloud_ips":[],"interfaces":[{"id":"int-xkkoy","resource_type":"interface","url":"https://api.gb1.brightbox.com/1.0/interfaces/int-xkkoy","mac_address":"02:24:19:01:45:a2","ipv4_address":"10.1.69.162","ipv6_address":"2a02:1348:18c:5168:24:19ff:fe01:45a2"}],"snapshots":[],"server_groups":[{"id":"grp-12345","resource_type":"server_group","url":"https://api.gb1.brightbox.com/1.0/server_groups/grp-12345","name":"default","description":"All
        new servers are added to this group unless specified otherwise.","created_at":"2013-08-27T15:47:00Z","default":true}]}'
    http_version:
  recorded_at: Tue, 27 Aug 2013 16:13:02 GMT
- request:
    method: delete
    uri: http://api.brightbox.localhost/1.0/servers/srv-12345?account_id=acc-12345
    body:
      encoding: US-ASCII
      string: ''
    headers:
      User-Agent:
      - fog/1.15.0
      Authorization:
      - OAuth 63a4f6dbf53263e7468d3084ae9c50ecdcdf1714
      Content-Type:
      - application/json
  response:
    status:
      code: 202
      message:
    headers:
      Content-Type:
      - application/json; charset=utf-8
      X-UA-Compatible:
      - IE=Edge
      Cache-Control:
      - no-cache
      X-Request-Id:
      - 1e575dca4240791a1a3ed362612751c3
      X-Runtime:
      - '1.552143'
      Date:
      - Tue, 27 Aug 2013 16:13:03 GMT
      Connection:
      - close
    body:
      encoding: UTF-8
      string: '{"id":"srv-12345","resource_type":"server","url":"https://api.gb1.brightbox.com/1.0/servers/srv-12345","name":"","status":"deleting","hostname":"srv-12345","created_at":"2013-08-27T16:12:58Z","started_at":null,"deleted_at":null,"user_data":null,"fqdn":"srv-12345.gb1.brightbox.com","compatibility_mode":false,"console_url":null,"console_token":null,"console_token_expires":null,"account":{"id":"acc-12345","resource_type":"account","url":"https://api.gb1.brightbox.com/1.0/accounts/acc-12345","name":"Avkruvviumpksysor","status":"active"},"image":{"id":"img-12345","resource_type":"image","url":"https://api.gb1.brightbox.com/1.0/images/img-12345","name":"dmcuhmirtoevr8bvye46opwd","username":null,"status":"available","description":"","source":"46i5i7onyfz8yf5o5nepaohs","arch":"x86_64","created_at":"2013-08-27T15:46:50Z","official":true,"public":true,"owner":"acc-12345"},"server_type":{"id":"typ-12345","resource_type":"server_type","url":"https://api.gb1.brightbox.com/1.0/server_types/typ-12345","name":"xvifyx3u5s","status":"available","cores":2,"ram":3072,"disk_size":10240,"handle":"nano"},"zone":{"id":"zon-12345","resource_type":"zone","url":"https://api.gb1.brightbox.com/1.0/zones/zon-12345","handle":"gb1-b"},"cloud_ips":[],"interfaces":[{"id":"int-xkkoy","resource_type":"interface","url":"https://api.gb1.brightbox.com/1.0/interfaces/int-xkkoy","mac_address":"02:24:19:01:45:a2","ipv4_address":"10.1.69.162","ipv6_address":"2a02:1348:18c:5168:24:19ff:fe01:45a2"}],"snapshots":[],"server_groups":[{"id":"grp-12345","resource_type":"server_group","url":"https://api.gb1.brightbox.com/1.0/server_groups/grp-12345","name":"default","description":"All
        new servers are added to this group unless specified otherwise.","created_at":"2013-08-27T15:47:00Z","default":true}]}'
    http_version:
  recorded_at: Tue, 27 Aug 2013 16:13:03 GMT
- request:
    method: post
    uri: http://api.brightbox.localhost/token
    body:
      encoding: UTF-8
      string: '{"grant_type":"client_credentials"}'
    headers:
      User-Agent:
      - fog/1.15.0
      Authorization:
      - Basic YXBwLTEyMzQ1Om1vY2J1aXBiaWFhNms2Yw==
      Content-Type:
      - application/json
  response:
    status:
      code: 400
      message:
    headers:
      X-Frame-Options:
      - sameorigin
      X-XSS-Protection:
      - 1; mode=block
      Content-Type:
      - application/json;charset=utf-8
      Cache-Control:
      - no-store
      Content-Length:
      - '135'
      X-UA-Compatible:
      - IE=Edge
      X-Request-Id:
      - 8f09ce39ffa9dd9babdc8647d522faff
      X-Runtime:
      - '0.097238'
      Date:
      - Tue, 27 Aug 2013 17:09:50 GMT
      Connection:
      - keep-alive
    body:
      encoding: UTF-8
      string: '{"error":"unauthorized_client","error_description":"The authenticated
        client is not authorized to use the access grant type provided."}'
    http_version:
  recorded_at: Tue, 27 Aug 2013 17:09:50 GMT
- request:
    method: post
    uri: http://api.brightbox.localhost/token
    body:
      encoding: UTF-8
      string: '{"grant_type":"client_credentials"}'
    headers:
      User-Agent:
      - fog/1.15.0
      Authorization:
      - Basic YXBwLTEyMzQ1Om1vY2J1aXBiaWFhNms2Yw==
      Content-Type:
      - application/json
  response:
    status:
      code: 400
      message:
    headers:
      X-Frame-Options:
      - sameorigin
      X-XSS-Protection:
      - 1; mode=block
      Content-Type:
      - application/json;charset=utf-8
      Cache-Control:
      - no-store
      Content-Length:
      - '135'
      X-UA-Compatible:
      - IE=Edge
      X-Request-Id:
      - f3890d8f4192dd8a55937a3068834983
      X-Runtime:
      - '0.100638'
      Date:
      - Tue, 27 Aug 2013 17:09:50 GMT
      Connection:
      - keep-alive
    body:
      encoding: UTF-8
      string: '{"error":"unauthorized_client","error_description":"The authenticated
        client is not authorized to use the access grant type provided."}'
    http_version:
  recorded_at: Tue, 27 Aug 2013 17:09:50 GMT
- request:
    method: post
    uri: http://api.brightbox.localhost/token
    body:
      encoding: UTF-8
      string: '{"grant_type":"client_credentials"}'
    headers:
      User-Agent:
      - fog/1.15.0
      Authorization:
      - Basic YXBwLTEyMzQ1Om1vY2J1aXBiaWFhNms2Yw==
      Content-Type:
      - application/json
  response:
    status:
      code: 400
      message:
    headers:
      X-Frame-Options:
      - sameorigin
      X-XSS-Protection:
      - 1; mode=block
      Content-Type:
      - application/json;charset=utf-8
      Cache-Control:
      - no-store
      Content-Length:
      - '135'
      X-UA-Compatible:
      - IE=Edge
      X-Request-Id:
      - 4138911008637b4c698e73603613e1ce
      X-Runtime:
      - '0.098463'
      Date:
      - Tue, 27 Aug 2013 17:09:50 GMT
      Connection:
      - keep-alive
    body:
      encoding: UTF-8
      string: '{"error":"unauthorized_client","error_description":"The authenticated
        client is not authorized to use the access grant type provided."}'
    http_version:
  recorded_at: Tue, 27 Aug 2013 17:09:50 GMT
- request:
    method: post
    uri: http://api.brightbox.localhost/token
    body:
      encoding: UTF-8
      string: '{"grant_type":"client_credentials"}'
    headers:
      User-Agent:
      - fog/1.15.0
      Authorization:
      - Basic YXBwLTEyMzQ1Om1vY2J1aXBiaWFhNms2Yw==
      Content-Type:
      - application/json
  response:
    status:
      code: 400
      message:
    headers:
      X-Frame-Options:
      - sameorigin
      X-XSS-Protection:
      - 1; mode=block
      Content-Type:
      - application/json;charset=utf-8
      Cache-Control:
      - no-store
      Content-Length:
      - '135'
      X-UA-Compatible:
      - IE=Edge
      X-Request-Id:
      - a63c3c8ea644ce5df929652f70ea1a28
      X-Runtime:
      - '0.100619'
      Date:
      - Tue, 27 Aug 2013 17:09:51 GMT
      Connection:
      - keep-alive
    body:
      encoding: UTF-8
      string: '{"error":"unauthorized_client","error_description":"The authenticated
        client is not authorized to use the access grant type provided."}'
    http_version:
  recorded_at: Tue, 27 Aug 2013 17:09:51 GMT
- request:
    method: post
    uri: http://api.brightbox.localhost/token
    body:
      encoding: UTF-8
      string: '{"grant_type":"client_credentials"}'
    headers:
      User-Agent:
      - fog/1.15.0
      Authorization:
      - Basic YXBwLTEyMzQ1Om1vY2J1aXBiaWFhNms2Yw==
      Content-Type:
      - application/json
  response:
    status:
      code: 400
      message:
    headers:
      X-Frame-Options:
      - sameorigin
      X-XSS-Protection:
      - 1; mode=block
      Content-Type:
      - application/json;charset=utf-8
      Cache-Control:
      - no-store
      Content-Length:
      - '135'
      X-UA-Compatible:
      - IE=Edge
      X-Request-Id:
      - b465d6e921fa8c2cff2bcc5267394ec0
      X-Runtime:
      - '0.100153'
      Date:
      - Tue, 27 Aug 2013 17:09:51 GMT
      Connection:
      - keep-alive
    body:
      encoding: UTF-8
      string: '{"error":"unauthorized_client","error_description":"The authenticated
        client is not authorized to use the access grant type provided."}'
    http_version:
  recorded_at: Tue, 27 Aug 2013 17:09:51 GMT
- request:
    method: post
    uri: http://api.brightbox.localhost/token
    body:
      encoding: UTF-8
      string: '{"grant_type":"client_credentials"}'
    headers:
      User-Agent:
      - fog/1.15.0
      Authorization:
      - Basic Y2xpLTEyMzQ1OnF5Nnh4bnZ5NG8wdGd2NQ==
      Content-Type:
      - application/json
  response:
    status:
      code: 200
      message:
    headers:
      X-Frame-Options:
      - sameorigin
      X-XSS-Protection:
      - 1; mode=block
      Content-Type:
      - application/json;charset=utf-8
      Cache-Control:
      - no-store
      Content-Length:
      - '77'
      X-UA-Compatible:
      - IE=Edge
      ETag:
      - '"3000239d26c147127ccc9f3758732946"'
      X-Request-Id:
      - 946b226bc741922230bfefa8e629f5c8
      X-Runtime:
      - '0.131475'
      Date:
      - Wed, 28 Aug 2013 16:08:47 GMT
      Connection:
      - keep-alive
    body:
      encoding: UTF-8
      string: '{"access_token":"4ea3f6f6a9fbaecf838f01544ea312b6e126e2b7","expires_in":7200}'
    http_version:
  recorded_at: Wed, 28 Aug 2013 16:08:47 GMT
- request:
    method: get
    uri: http://api.brightbox.localhost/1.0/accounts
    body:
      encoding: US-ASCII
      string: ''
    headers:
      User-Agent:
      - fog/1.15.0
      Authorization:
      - OAuth 4ea3f6f6a9fbaecf838f01544ea312b6e126e2b7
      Content-Type:
      - application/json
  response:
    status:
      code: 401
      message:
    headers:
      WWW-Authenticate:
      - OAuth error="invalid_token"
      Content-Type:
      - application/json; charset=utf-8
      X-UA-Compatible:
      - IE=Edge
      Cache-Control:
      - no-cache
      X-Request-Id:
      - bf8b684121496defff2e454c7b2734fa
      X-Runtime:
      - '0.016924'
      Date:
      - Tue, 17 Sep 2013 17:07:47 GMT
      Connection:
      - close
    body:
      encoding: UTF-8
      string: '{"error":"invalid_token","error_description":"The OAuth token can not
        be found"}'
    http_version:
  recorded_at: Tue, 17 Sep 2013 17:07:47 GMT
- request:
    method: post
    uri: http://api.brightbox.localhost/token
    body:
      encoding: UTF-8
      string: '{"grant_type":"client_credentials"}'
    headers:
      User-Agent:
      - fog/1.15.0
      Authorization:
      - Basic Y2xpLTEyMzQ1OnF5Nnh4bnZ5NG8wdGd2NQ==
      Content-Type:
      - application/json
  response:
    status:
      code: 200
      message:
    headers:
      X-Frame-Options:
      - sameorigin
      X-XSS-Protection:
      - 1; mode=block
      Content-Type:
      - application/json;charset=utf-8
      Cache-Control:
      - no-store
      Content-Length:
      - '77'
      X-UA-Compatible:
      - IE=Edge
      ETag:
      - '"154007017ffff2f2a4da2b91491372a0"'
      X-Request-Id:
      - f8e8fe607ce594e423739f8803c4ebaf
      X-Runtime:
      - '0.379972'
      Date:
      - Tue, 17 Sep 2013 17:07:47 GMT
      Connection:
      - keep-alive
    body:
      encoding: UTF-8
      string: '{"access_token":"06fc4dac3891c02c6f0ba6cd1d084a4dc6cc2a26","expires_in":7200}'
    http_version:
  recorded_at: Tue, 17 Sep 2013 17:07:47 GMT
- request:
    method: get
    uri: http://api.brightbox.localhost/1.0/accounts
    body:
      encoding: US-ASCII
      string: ''
    headers:
      User-Agent:
      - fog/1.15.0
      Authorization:
      - OAuth 06fc4dac3891c02c6f0ba6cd1d084a4dc6cc2a26
      Content-Type:
      - application/json
  response:
    status:
      code: 200
      message:
    headers:
      Content-Type:
      - application/json; charset=utf-8
      X-UA-Compatible:
      - IE=Edge
      ETag:
      - '"7d4ad7857ea408897b8a2149197611ba"'
      Cache-Control:
      - max-age=0, private, must-revalidate
      X-Request-Id:
      - 6304c367385fb29f4b7ce440ad9aa4ac
      X-Runtime:
      - '0.168933'
      Date:
      - Tue, 17 Sep 2013 17:07:47 GMT
      Connection:
      - close
    body:
      encoding: UTF-8
      string: '[{"id":"acc-12345","resource_type":"account","url":"https://api.gb1.brightbox.com/1.0/accounts/acc-12345","name":"Asaibdsjnpdgrdcqo","status":"active","ram_limit":32768,"ram_used":0,"cloud_ips_limit":20,"cloud_ips_used":1,"load_balancers_limit":5,"load_balancers_used":0,"clients":[{"id":"cli-12345","resource_type":"api_client","url":"https://api.gb1.brightbox.com/1.0/api_clients/cli-12345","name":null,"description":null,"revoked_at":null}],"images":[],"servers":[],"load_balancers":[],"cloud_ips":[{"id":"cip-12345","resource_type":"cloud_ip","url":"https://api.gb1.brightbox.com/1.0/cloud_ips/cip-12345","status":"unmapped","public_ip":"153.37.92.121","reverse_dns":"cip-12345-37-92-121.gb1.brightbox.com","name":null}],"server_groups":[{"id":"grp-12345","resource_type":"server_group","url":"https://api.gb1.brightbox.com/1.0/server_groups/grp-12345","name":"default","description":"All
        new servers are added to this group unless specified otherwise.","created_at":"2013-09-17T08:44:16Z","default":true}],"firewall_policies":[{"id":"fwp-12345","resource_type":"firewall_policy","url":"https://api.gb1.brightbox.com/1.0/firewall_policies/fwp-12345","default":true,"name":"default","created_at":"2013-09-17T08:44:16Z","description":"Applied
        to the default server group."}],"owner":{"id":"usr-12345","resource_type":"user","url":"https://api.gb1.brightbox.com/1.0/users/usr-12345","name":"Kobe
        Swaniawski Sr.","email_address":"jason.null@brightbox.com"},"users":[],"zones":[{"id":"zon-12345","resource_type":"zone","url":"https://api.gb1.brightbox.com/1.0/zones/zon-12345","handle":"gb1-a"},{"id":"zon-12345","resource_type":"zone","url":"https://api.gb1.brightbox.com/1.0/zones/zon-12345","handle":"gb1-b"}]}]'
    http_version:
  recorded_at: Tue, 17 Sep 2013 17:07:47 GMT
recorded_with: VCR 2.5.0
